ets Jun  8 2016 00:22:57

rst:0x1 (POWERON_RESET),boï¿½ets Jun  8 2016 00:22:57

rst:0x1 (POWERON_RESET),boot:0x13 (SPI_FAST_FLASH_BOOT)
configsip: 0, SPIWP:0xee
clk_drv:0x00,q_drv:0x00,d_drv:0x00,cs0_drv:0x00,hd_drv:0x00,wp_drv:0x00
mode:DIO, clock div:1
load:0x3fff0030,len:6592
load:0x40078000,len:16676
ho 0 tail 12 room 4
load:0x40080400,len:4
load:0x40080404,len:4268
entry 0x40080658
[0;32mI (30) boot: ESP-IDF v5.4-dev-3602-ga97a7b0962 2nd stage bootloader[0m
[0;32mI (30) boot: compile time Oct 19 2024 02:41:52[0m
[0;32mI (31) bootMulticore bootloader[0m
[0;32mI (33) boot: chip revision: v1.1[0m
[0;32mI (36) qio_mode: Enabling default flash chip QIO[0m
[0;32mI (41) boot.esp32: SPI Speed      : 80MHz[0m
[0;32mI (44) boot.esp32: SPI Mode       : QIO[0m
[0;32mI (48) boot.esp32: SPI Flash Size : 4MB[0m
[0;32mI (51) boot: Enabling RNG early entropy source...[0m
[0;32mI (56) boot: Partition Table:[0m
[0;32mI (59) boot: ## Label            Usage          Type ST Offset   Length[0m
[0;32mI (65) boot:  0 nvs              WiFi data        01 02 00009000 00006000[0m
[0;32mI (71) boot:  1 phy_init         RF data          01 01 0000f000 00001000[0m
[0;32mI (78) boot:  2 factory          factory app      00 00 00010000 00180000[0m
[0;32mI (84) boot: End of partition table[0m
[0;32mI (88) esp_image: segment 0: paddr=00010020 vaddr=3f400020 size=32c1ch (207900) map[0m
[0;32mI (148) esp_image: segment 1: paddr=00042c44 vaddr=3ff80000 size=00018h (    24) load[0m
[0;32mI (149) esp_image: segment 2: paddr=00042c64 vaddr=3ffb0000 size=0346ch ( 13420) load[0m
[0;32mI (156) esp_image: segment 3: paddr=000460d8 vaddr=40080000 size=09f40h ( 40768) load[0m
[0;32mI (172) esp_image: segment 4: paddr=00050020 vaddr=400d0020 size=32d0ch (208140) map[0m
[0;32mI (225) esp_image: segment 5: paddr=00082d34 vaddr=40089f40 size=05970h ( 22896) load[0m
[0;32mI (240) boot: Loaded app from partition at offset 0x10000[0m
[0;32mI (240) boot: Disabling RNG early entropy source...[0m
[0;32mI (250) quad_psram: This chip is ESP32-D0WD[0m
[0;32mI (251) esp_psram: Found 8MB PSRAM device[0m
[0;32mI (251) esp_psram: Speed: 80MHz[0m
[0;32mI (251) esp_psram: PSRAM initialized, cache is in low/high (2-core) mode.[0m
[0;33mW (258) esp_psram: Virtual a map as much as we can. 4MB is mapped[0m
[0;32mI (266) cpu_start: Multicore app[0m
[0;32mI (733) esp_psram: SPI SRAM memory test OK[0m
[0;32mI (740) cpu_start: Pro cpu start user code[0m
[0;32mI (740) cpu_start: cpu freq: 240000000 Hz[0m
[0;32mI (740) app_init: Application information:[0m
[0;32mI (740) app_init: Project name:     person_detection[0m
[0;32mI (745) app_init: App version:      ba8e4b1-dirty[0m
[0;32mI (750) app_init: Compile time:     Oct 19 2024 02:41:39[0m
[0;32mI (755) app_init: ELF file SHA256:  1d5e234b4...[0m
[0;32mI (759) app_init: ESP-IDF:          v5.4-dev-3602-ga97a7b0962[0m
[0;32mI (764) efuse_init: Min chip rev:     v0.0[0m
[0;32mI (768) efuse_init: Max chip rev:     v3.99 [0m
[0;32mI (772) efuse_init: Chip rev:         v1.1[0m
[0;32mI (776) heap_init: Initializing. RAM available for dynamic allocation:[0m
[0;32mI (782) heap_init: At 3FFAE6E0 len 00001920 (6 KiB): DRAM[0m
[0;32mI (787) heap_init: At 3FFB4928 len 0002B6D8 (173 KiB): DRAM[0m
[0;32mI (793) heap_init: At 3FFE0440 len 00003AE0 (14 KiB): D/IRAM[0m
[0;32mI (798) heap_init: At 3FFE4350 len 0001BCB0 (111 KiB): D/IRAM[0m
[0;32mI (804) heap_init: At 4008F8B0 len 00010750 (65 KiB): IRAM[0m
[0;32mI (809) esp_psram: Adding pool of 4096K of PSRAM memory to heap allocator[0m
[0;32mI (816) spi_flash: detected chip: generic[0m
[0;32mI (819) spi_flash: flash io: qio[0m
[0;32mI (822) main_task: Started on CPU0[0m
[0;32mI (832) main_task: Calling app_main()[0m
Didn't find op for builtin opcode 'MAX_POOL_2D'
Failed to get registration from op code MAX_POOL_2D
 
AllocateTensors() failed
Guru Meditation Error: Core  0 panic'ed (LoadProhibited). Exception was unhandled.

Core  0 register dump:
PC      : 0x400d8707  PS      : 0x00060630  A0      : 0x800d8155  A1      : 0x3ffb7840  
A2      : 0x00000000  A3      : 0x00000008  A4      : 0x3ffb3bd0  A5      : 0x3ffb3dc4  
A6      : 0x3ffb3dd0  A7      : 0x3ffb3dcc  A8      : 0x00000000  A9      : 0x3ffb77b0  
A10     : 0x00000060  A11     : 0x00000060  A12     : 0x00000001  A13     : 0x3ffb3c40  
A14     : 0x3ffb3c40  A15     : 0x3ffb3bd0  SAR     : 0x00000012  EXCCAUSE: 0x0000001c  
EXCVADDR: 0x00000010  LBEG    : 0x40086e21  LEND    : 0x40086e31  LCOUNT  : 0xfffffffc  


Backtrace: 0x400d8704:0x3ffb7840 0x400d8152:0x3ffb7860




ELF file SHA256: 1d5e234b4

Rebooting...
ets Jun  8 2016 00:22:57

rst:0xc (SW_CPU_RESET),boot:0x13 (SPI_FAST_FLASH_BOOT)
configsip: 0, SPIWP:0xee
clk_drv:0x00,q_drv:0x00,d_drv:0x00,cs0_drv:0x00,hd_drv:0x00,wp_drv:0x00
mode:DIO, clock div:1
load:0x3fff0030,len:6592
load:0x40078000,len:16676
ho 0 tail 12 room 4
load:0x40080400,len:4
load:0x40080404,len:4268
entry 0x40080658
[0;32mI (31) boot: ESP-IDF v5.4-dev-3602-ga97a7b0962 2nd stage bootloader[0m
[0;32mI (31) boot: compile time Oct 19 2024 02:41:52[0m
[0;32mI (31) boot: Multicore bootloader[0m
[0;32mI (34) boot: chip revision: v1.1[0m
[0;32mI (37) qio_mode: Enabling default flash chip QIO[0m
[0;32mI (41) boot.esp32: SPI Speed      : 80MHz[0m
[0;32mI (45) boot.esp32: SPI Mode       : QIO[0m
[0;32mI (48) boot.esp32: SPI Flash Size : 4MB[0m
[0;32mI (52) boot: Enabling Re...[0m
[0;32mI (56) boot: Partition Table:[0m
[0;32mI (59) boot: ## Label            Usage          Type ST Offset   Length[0m
[0;32mI (65) boot:  0 nvs              WiFi data        hy_init         RF data          01 01 0000f000 00001000[0m
[0;32mI (78) boot:  2 factory          factory app      00 00 00010000 00180[0m
[0;32mI (85) boot: End of partition table[0m
[0;32mI (88) esp_image: segment 0: paddr=00010020 vaddr=3f400020 size=32c1ch (207900) map[0m
[0;32mI (149) esp_image: segment 1: paddr=00042c44 vaddr=3ff80000 size=00018h (    24) load[0m
[0;32mI (149) esp_image: segment 2: paddr=00042c64 vaddr=3ffb0000 size=0346ch ( 13420) load[0m
[0;32mI (157) esp_image: segment 3: paddr=000460d8 vaddr=40080000 size=09f40h ( 40768) load[0m
[0;32mI (173) esp_image: segment 4: paddr=00050020 vaddr=400d0020 size=32d0ch (208140) map[0m
[0;32mI (226) esp_image: segment 5: paddr=00082d34 vaddr=40089f40 size=05970h ( 22896) load[0m
[0;32mI (241) boot: Loaded app from partition at offset 0x10000[0m
[0;32mI (241) boot: Disabling RNG early entropy source...[0m
[0;32mI (251) quad_psram: This chip is ESP32-D0WD[0m
[0;32mI (251) esp_psram: Found 8MB PSRAM device[0m
[0;32mI (251) esp_psram: Speed: 80MHz[0m
[0;32mI (251) esp_psram: PSRAM initialized, cache is in low/high (2-core) mode.[0m
[0;33mW (259) esp_psram: Virtual address not enough for PSRAM, map as much as we can. 4MB is mapped[0m
[0;32mI (267) cpu_start: Multicore app[0m
[0;32mI (733) esp_psram: SPI SRAM memory test OK[0m
[0;32mI (741) cpu_start: Pro cpu start user code[0m
[0;32mI (741) cpu_start: cpu freq: 240000000 Hz[0m
[0;32mI (741) app_init: Application information:[0m
[0;32mI (741) app_init: Project name:     person_detection[0m
[0;32mI (746) app_init: App version:      ba8e4b1-dirty[0m
[0;32mI (750) app_init: Compile time:     Oct 19 2024 02:41:39[0m
[0;32mI (755) app_init: ELF file SHA256:  1d5e234b4...[0m
[0;32mI (760) app_init: ESP-IDF:          v5.4-dev-3602-ga97a7b0962[0m
[0;32mI (765) efuse_init: Min chip rev:     v0.0[0m
[0;32mI (769) efuse_init: Max chip rev:     v3.99 [0m
[0;32mI (773) efuse_init: Chip rev:         v1.1[0m
[0;32mI (777) heap_init: Initializing. RAM available for dynamic allocation:[0m
[0;32mI (783) heap_init: At 3FFAE6E0 len 00001920 (6 KiB): DRAM[0m
[0;32mI (788) heap_init: At 3FFB4928 len 0002B6D8 (173 KiB): DRAM[0m
[0;32mI (793) heap_init: At 3FFE0440 len 00003AE0 (14 KiB): D/IRAM[0m
I (79: At 3FFE4350 len 0001BCB0 (111 KiB): D/IRAM
[0;32mI (804) heap_init: At 4008F8B0 len 00010750 (65 KiB): IRAM[0m
[0;32mI (810) esp_psram: Adding pool of 4096K of PSRAM memory to heap allocator[0m
[0;32mI (816) spi_flash: detected chip: generic[0m
[0;32mI (820) spi_flash: flash io: qio[0m
[0;32mI (823) main_task: Started on CPU0[0m
[0;32mI (833) main_task: Calling app_main()[0m
Didn't find op for builtin opcode 'MAX_POOL_2D'
Failed to get registration from op code MAX_POOL_2D
 
AllocateTensors() failed
Guru Meditation Error: Core  0 panic'ed (LoadProhibited). Exception was unhandled.

Core  0 register dump:
PC      : 0x400d8707  PS      : 0x00060630  A0      : 0x800d8155  A1      : 0x3ffb7840  
A2      : 0x00000000  A3      : 0x00000008  A4      : 0x3ffb3bd0  A5      : 0x3ffb3dc4  
A6      : 0x3ffb3dd0  A7      : 0x3ffb3dcc  A8      : 0x00000000  A9      : 0x3ffb77b0  
A10     : 0x00000060  A11     : 0x00000060  A12     : 0x00000001  A13     : 0x3ffb3c40  
A14     : 0x3ffb3c40  A15     : 0x3ffb3bd0  SAR     : 0x00000012  EXCCAUSE: 0x0000001c  
EXCVADDR: 0x00000010  LBEG    : 0x40086e21  LEND    : 0x40086e31  LCOUNT  : 0xfffffffc  


Backtrace: 0x400d8704:0x3ffb7840 0x400d8152:0x3ffb7860




ELF file SHA256: 1d5e234b4

Rebooting...
ets Jun  8 2016 00:22:57

rst:0xc (SW_CPU_RESET),boot:0x13 (SPI_FAST_FLASH_BOOT)
configsip: 0, SPIWP:0xee
clk_drv:0x00,q_drv:0x00,d_drv:0x00,cs0_drv:0x00,hd_drv:0x00,wp_drv:0x00
mode:DIO, clock div:1
load:0x3fff0030,len:6592
load:0x40078000,len:16676
ho 0 tail 12 room 4
load:0x40080400,len:4
load:0x40080404,len:4268
entry 0x40080658
[0;32mI (31) boot: ESP-IDF v5.4-dev-3602-ga97a7b0962 2nd stage bootloader[0m
[0;32mI (31) boot: compile time Oct 19 2024 02:41:52[0m
[0;32mI (31) boot: Multicore bootloader[0m
[0;32mI (34) boot: chip revision: v1.1[0m
[0;32mI (37) qio_mode: Enabling default flash chip QIO[0m
[0;32mI (41) boot.esp32: SPI Speed      : 80MHz[0m
[0;32mI (45) boot.esp32: SPI Mode       : QIO[0m
[0;32mI (48) boot.esp32: SPI Flash Size : 4MB[0m
[0;32mI (52) boot: Enabling RNG early entropy source...[0m
[0;32mI (56) boot: Partition Table:[0m
[0;32mI (59) boot: ## Label            Usage          Type ST Offset   Length[0m
[0;32mI (65) boot:  0 nvs              WiFi data        01 02 00009000 00006000[0m
[0;32mI (72) boot:  1 phy_init         RF data          01 01 0000f000 00001000[0m
[0;32mI (78) boot:  2 factory          factory app      00 00 00010000 00180000[0m
[0;32mI (85) boot: End of partition table[0m
[0;32mI (88) esp_image: segment 0: paddr=00010020 vaddr=3f400020 size=32c1ch (207900) map[0m
[0;32mI (149) esp_image: segment 1: paddr=00042c44 vaddr=3ff80000 size=00018h (    24) load[0m
[0;32mI (149) esp_image: segment 2: paddr=00042c64 vaddr=3ffb0000 size=0346ch ( 13420) load[0m
[0;32mI (157) esp_image: segment 3: paddr=000460d8 vaddr=40080000 size=09f40h ( 40768) load[0m
[0;32mI (173) esp_image: segment 4: paddr=00050020 vaddr=400d0020 size=32d0ch (208140) map[0m
[0;32mI (226) esp_image: segment 5: paddr=00082d34 vaddr=40089f40 size=05970h ( 22896) load[0m
[0;32mI (241) boot: Loaded app from partition at offset 0x10000[0m
[0;32mI (241) boot: Disabling RNG early entropy source...[0m
[0;32mI (251) quad_psram: This chip is ESP32-D0WD[0m
[0;32mI (251) esp_psram: Found 8MB PSRAM device[0m
[0;32mI (251) esp_psram: Speed: 80MHz[0m
[0;32mI (251) esp_psram: PSRAM initialized, cache is in low/high (2-core) mode.[0m
[0;33mW (259) esp_psram: Virtual address not enough for PSRAM, map as much as we can. 4MB is mapped[0m
[0;32mI (267) cpu_start: Multicore app[0m
[0;32mI (733) esp_psram: SPI SRAM memory test OK[0m
[0;32mI (741) cpu_start: Pro cpu start user code[0m
[0;32mI (741) cpu_start: cpu freq: 240000000 Hz[0m
[0;32mI (741) app_init: Application information:[0m
[0;32mI (741) app_init: Project name:     person_detection[0m
[0;32mI (746) app_init: App version:      ba8e4b1-dirty[0m
[0;32mI (750) app_init: Compile time:     Oct 19 2024 02:41:39[0m
[0;32mI (755) app_init: ELF file SHA256:  1d5e234b4...[0m
[0;32mI (760) app_init: ESP-IDF:          v5.4-dev-3602-ga97a7b0962[0m
[0;32mI (765) efuse_init: Min chip rev:     v0.0[0m
[0;32mI (769) efuse_init: Max chip rev:     v3.99 [0m
[0;32mI (773) efuse_init: Chip rev:         v1.1[0m
[0;32mI (777) heap_init: Initializing. RAM available for dynamic allocation:[0m
[0;32mI (783) heap_init: At 3FFAE6E0 len 00001920 (6 KiB): DRAM[0m
[0;32mI (788) heap_init: At 3FFB4928 len 0002B6D8 (173 KiB): DRAM[0m
[0;32mI (793) heap_init: At 3FFE0440 len 00003AE0 (14 KiB): D/IRAM[0m
[0;32mI (799) heap_init: At 3FFE4350 len 0001BCB0 (111 KiB): D/IRAM[0m
[0;32mI (804) heap_init: At 4008F8B0 len 00010750 (65 KiB): IRAM[0m
[0;32mI (810) esp_psram: Adding pool of 4096K of PSRAM memory to heap allocator[0m
[0;32mI (816) spi_flash: detected chip: generic[0m
[0;32mI (820) spi_flash: flash io: qio[0m
[0;32mI (823) main_task: Started on CPU0[0m
[0;32mI (833) main_task: Calling app_main()[0m
Didn't find op for builtin opcode 'MAX_POOL_2D'
Failed to get registration from op code MAX_POOL_2D
 
AllocateTensors() failed
Guru Meditation Error: Core  0 panic'ed (LoadProhibited). Exception was unhandled.

Core  0 register dump:
PC      : 0x400d8707  PS      : 0x00060630  A0      : 0x800d8155  A1      : 0x3ffb7840  
A2      : 0x00000000  A3      : 0x00000008  A4      : 0x3ffb3bd0  A5      : 0x3ffb3dc4  
A6      : 0x3ffb3dd0  A7      : 0x3ffb3dcc  A8      : 0x00000000  A9      : 0x3ffb77b0  
A10     : 0x00000060  A11     : 0x00000060  A12     : 0x00000001  A13     : 0x3ffb3c40  
A14     : 0x3ffb3c40  A15     : 0x3ffb3bd0  SAR     : 0x00000012  EXCCAUSE: 0x0000001c  
EXCVADDR: 0x00000010  LBEG    : 0x40086e21  LEND    : 0x40086e31  LCOUNT  : 0xfffffffc  


Backtrace: 0x400d8704:0x3ffb7840 0x400d8152:0x3ffb7860




ELF file SHA256: 1d5e234b4

Rebooting...
ets Jun  8 2016 00:22:57

rst:0xc (SW_CPU_RESET),boot:0x13 (SPI_FAST_FLASH_BOOT)
configsip: 0, SPIWP:0xee
clk_drv:0x00,q_drv:0x00,d_drv:0x00,cs0_drv:0x00,hd_drv:0x00,wp_drv:0x00
mode:DIO, clock div:1
load:0x3fff0030,len:6592
load:0x40078000,len:16676
ho 0 tail 12 room 4
load:0x40080400,len:4
load:0x40080404,len:4268
entry 0x40080658
[0;32mI (31) boot: ESP-IDF v5.4-dev-3602-ga97a7b0962 2nd stage bootloader[0m
[0;32mI (31) boot: compile time Oct 19 2024 02:41:52[0m
[0;32mI (31) boot: Multicore bootloader[0m
[0;32mI (34) boot: chip revision: v1.1[0m
[0;32mI (37) qio_mode: Enabling default flash chip QIO[0m
[0;32mI (41) boot.esp32: SPI Speed      : 80MHz[0m
[0;32mI (45) boot.esp32: SPI Mode       : QIO[0m
[0;32mI (48) boot.esp32: SPI Flash Size : 4MB[0m
[0;32mI (52) boot: Enabling RNG early entropy source...[0m
[0;32mI (56) boot: Partition Table:[0m
[0;32mI (59) boot: ## Label            Usage          Type ST Offset   Length[0m
[0;32mI (65) boot:  0 nvs              WiFi data        01 02 00009000 00006000[0m
[0;32mI (72) boot:  1 phy_init         RF data          01 01 0000f000 00001000[0m
[0;32mI (78) boot:  2 factory          factory app      00 00 00010000 00180000[0m
[0;32mI (85) boot: End of partition table[0m
[0;32mI (88) esp_image: segment 0: paddr=00010020 vaddr=3f400020 size=32c1ch (207900) map[0m
[0;32mI (149) esp_image: segment 1: paddr=00042c44 vaddr=3ff80000 size=00018h (    24) load[0m
[0;32mI (149) esp_image: segment 2: paddr=00042c64 vaddr=3ffb0000 size=0346ch ( 13420) load[0m
[0;32mI (157) esp_image: segment 3: paddr=000460d8 vaddr=40080000 size=09f40h ( 40768) load[0m
[0;32mI (173) esp_image: segment 4: paddr=00050020 vaddr=400d0020 size=32d0ch (208140) map[0m
[0;32mI (226) esp_image: segment 5: paddr=00082d34 vaddr=40089f40 size=05970h ( 22896) load[0m
[0;32mI (241) boot: Loaded app from paThis chip is ESP32-D0WD[0m
[0;32mI (251) esp_psram: Found 8MB PSRAM devi59) esp_psram: Virtual address not enough for PSRAM, map as muchI (733) esp_psram: SPI SRAM memory test OK[0m
[0;32mI (741) cpu_start: Pro cpu start user code[0m
[0;32mI (741) cpu_start: cpu freq: 240000000 Hz[0m
[0;32mI (741) app_init: Application information:[0m
[0;32mI (741) app_init: Project name:     person_detection[0m
[0;32mI (746) app_init: App version:      ba8e4b1-dirty[0m
[0;32mI (750) app_init: Compile time:     Oct 19 2024 02:41:39[0m
[0;32mI (755) app_init: ELF file SHA256:  1d5e234b4...[0m
[0;32mI (760) app_init: ESP-IDF:          v5.4-dev-3602-ga97a7b0962[0m
[0;32mI (765) efuse_init: Min chip rev:     v0.0[0m
[0;32mI (769) efuse_init: Max chip rev:     v3.99 [0m
[0;32mI (773) efuse_init: Chip rev:         v1.1[0m
[0;32mI (777) heap_init: Initializing. RAM available for dynamic allocation:[0m
[0;32mI (783) heap_init: At 3FFAE6E0 len 00001920 (6 KiB): DRAM[0m
[0;32mI (788) heap_init: At 3FFB4928 len 0002B6D8 (173 KiB): DRAM[0m
[0;32mI (793) heap_init: At 3FFE0440 len 00003AE0 (14 KiB): D/IRAM[0m
[0;32mI (799) heap_init: At 3FFE4350 len 0001BCB0 (111 KiB): D/IRAM[0m
[0;32mI (804) heap_init: At 4008F8B0 len 00010750 (65 KiB): IRAM[0m
[0;32mI (810) esp_psram: Adding pool of 4096K of PSRAM memory to heap allocator[0m
[0;32mI (816) spi_flash: detected chip: generic[0m
[0;32mI (820) spi_flash: flash io: qio[0m
[0;32mI (823) main_task: Started on CPU0[0m
[0;32mI (833) main_task: Calling app_main()[0m
Didn't find op for builtin opcode 'MAX_POOL_2D'
Failed to get registration from op code MAX_POOL_2D
 
AllocateTensors() failed
Guru Meditation Error: Core  0 panic'ed (LoadProhibited). Exception was unhandled.

Core  0 register dump:
PC      : 0x400d8707  PS      : 0x00060630  A0      : 0x800d8155  A1      : 0x3ffb7840  
A2      : 0x00000000  A3      : 0x00000008  A4      : 0x3ffb3bd0  A5      : 0x3ffb3dc4  
A6      : 0x3ffb3dd0  A7      : 0x3ffb3dcc  A8      : 0x00000000  A9      : 0x3ffb77b0  
A10     : 0x00000060  A11     : 0x00000060  A12     : 0x00000001  A13     : 0x3ffb3c40  
A14     : 0x3ffb3c40  A15     : 0x3ffb3bd0  SAR     : 0x00000012  EXCCAUSE: 0x0000001c  
EXCVADDR: 0x00000010  LBEG    : 0x40086e21  LEND    : 0x40086e31  LCOUNT  : 0xfffffffc  


Backtrace: 0x400d8704:0x3ffb7840 0x400d8152:0x3ffb7860




ELF file SHA256: 1d5e234b4

Rebooting...
ets Jun  8 2016 00:22:57

rst:0xc (SW_CPU_RESET),boot:0x13 (SPI_FAST_FLASH_BOOT)
configsip: 0, SPIWP:0xee
clk_drv:0x00,q_drv:0x00,d_drv:0x00,cs0_drv:0x00,hd_drv:0x00,wp_drv:0x00
mode:DIO, clock div:1
load:0x3fff0030,len:6592
load:0x40078000,len:16676
ho 0 tail 12 room 4
load:0x40080400,len:4
load:0x40080404,len:4268
entry 0x40080658
[0;32mI (31) boot: ESP-IDF v5.4-dev-3602-ga97a7b0962 2nd stage bootloader[0m
[0;32mI (31) boot: compile time Oct 19 2024 02:41:52[0m
[0;32mI (31) boot: Multicore bootloader[0m
[0;32mI (34) boot: chip revision: v1.1[0m
[0;32mI (37) qio_mode: Enabling default flash chip QIO[0m
[0;32mI (41) boot.esp32: SPI Speed      : 80MHz[0m
[0;32mI (45) boot.esp32: SPI Mode       : QIO[0m
[0;32mI (48) boot.esp32: SPI Flash Size : 4MB[0m
[0;32mI (52) boot: Enabling RNG early entropy source...[0m
[0;32mI (56) boot: Partition Table:[0m
[0;32mI (59) boot: ## Label            Usage          Type ST Offset   Length[0m
[0;32mI (65) boot:  0 nvs              WiFi data        01 02 00009000 00006000[0m
[0;32mI (72) boot:  1 phy_init         RF data          01 01 0000f000 00001000[0m
[0;32mI (78) boot:  2 factory          factory app      00 00 00010000 00180000[0m
[0;32mI (85) boot: End of partition table[0m
[0;32mI (88) esp_image: segment 0: paddr=00010020 vaddr=3f400020 size=32c1ch (207900) map[0m
[0;32mI (149) esp_image: segment 1: paddr=00042c44 vaddr=3ff80000 size=00018h (    24) load[0m
[0;32mI (149) esp_image: segment 2: paddr=00042c64 vaddr=3ffb0000 size=0346ch ( 13420) load[0m
[0;32mI (157) esp_image: segment 3: paddr=000460d8 vaddr=40080000 size=09f40h ( 40768) load[0m
[0;32mI (173) esp_image: segment 4: paddr=00050020 vaddr=400d0020 size=32d0ch (208140) map[0m
[0;32mI (226) esp_image: segment 5: paddr=00082d34 vaddr=40089f40 size=05970h ( 22896) load[0m
[0;32mI (241) boot: Loaded app from partition at offset 0x10000[0m
[0;32mI (241) boot: Disabling RNG early entropy source...[0m
[0;32mI (251) quad_psram: This chip is ESP32-D0WD[0m
[0;32mI (251) esp_psram: Found 8MB PSRAM device[0m
[0;32mI (251) esp_psram: Speed: 80MHz[0m
[0;32mI (251) esp_psram: PSRAM initialized, cache is in low/high (2-core) mode.[0m
[0;33mW (259) esp_psram: Virtual address not enough for PSRAM, map as much as we can. 4MB is mapped[0m
[0;32mI (267) cpu_start: Multicore app[0m
[0;32mI (733) esp_psram: SPI SRAM memory test OK[0m
[0;32mI (741) cpu_start: Pro cpu start user code[0m
[0;32mI (741) cpu_start: cpu freq: 240000000 Hz[0m
[0;32mI (741) app_init: Application information:[0m
[0;32mI (741) app_init: Project name:     person_detection[0m
[0;32mI (746) app_init: App version:      ba8e4b1-dirty[0m
[0;32mI (750) app_init: Compile time:     Oct 19 2024 02:41:39[0m
[0;32mI (755) app_init: ELF file SHA256:  1d5e234b4...[0m
[0;32mI (760) app_init: ESP-IDF:          v5.4-dev-3602-ga97a7b0962[0m
[0;32mI (765) efuse_init: Min chip rev:     v0.0[0m
[0;32mI (769) efuse_init: Max chip rev:     v3.99 [0m
[0;32mI (773) efuse_init: Chip rev:         v1.1[0m
[0;32mI (777) heap_init: Initializing. RAM available for dynamic allocation:[0m
[0;32mI (783) heap_init: At 3FFAE6E0 len 00001920 (6 KiB): DRAM[0m
[0;32mI (788) heap_init: At 3FFB4928 len 0002B6D8 (173 KiB): DRAM[0m
[0;32mI (793) heap_init: At 3FFE0440 len 00003AE0 (14 KiB): D/IRAM[0m
[0;32mI (799) heap_init: At 3FFE4350 len 0001BCB0 (111 KiB): D/IRAM[0m
[0;32mI (804) heap_init: At 4008F8B0 len 00010750 (65 KiB): IRAM[0m
[0;32mI (810) esp_psram: Adding pool of 4096K of PSRAM memory to heap allocator[0m
[0;32mI (816) spi_flash: detected chip: generic[0m
[0;32mI (820) spi_flash: flash io: qio[0m
[0;32mI (823) main_task: Started on CPU0[0m
[0;32mI (833) main_task: Calling app_main()[0m
Didn't find op for builtin opcode 'MAX_POOL_2D'
Failed to get registration from op code MAX_POOL_2D
 
AllocateTensors() failed
Guru Meditation Error: Core  0 panic'ed (LoadProhibited). Exception was unhandled.

Core  0 register dump:
PC      : 0x400d8707  PS      : 0x00060630  A0      : 0x800d8155  A1      : 0x3ffb7840  
A2      : 0x00000000  A3      : 0x00000008  A4      : 0x3ffb3bd0  A5      : 0x3ffb3dc4  
A6      : 0x3ffb3dd0  A7      : 0x3ffb3dcc  A8      : 0x00000000  A9      : 0x3ffb77b0  
A10     : 0x00000060  A11     : 0x00000060  A12     : 0x00000001  A13     : 0x3ffb3c40  
A14     : 0x3ffb3c40  A15     : 0x3ffb3bd0  SAR     : 0x00000012  EXCCAUSE: 0x0000001c  
EXCVADDR: 0x00000010  LBEG    : 0x40086e21  LEND    : 0x40086e31  LCOUNT  : 0xfffffffc  


Backtrace: 0x400d8704:0x3ffb7840 0x400d8152:0x3ffb7860




ELF file SHA256: 1d5e234b4

Rebooting...
ets Jun  8 2016 00:22:57

rst:0xc (SW_CPU_RESET),boot:0x13 (SPI_FAST_FLASH_BOOT)
configsip: 0, SPIWP:0xee
clk_drv:0x00,q_drv:0x00,d_drv:0x00,cs0_drv:0x00,hd_drv:0x00,wp_drv:0x00
mode:DIO, clock div:1
load:0x3fff0030,len:6592
load:0x40078000,len:16676
ho 0 tail 12 room 4
load:0x40080400,len:4
load:0x40080404,len:4268
entry 0x40080658
[0;32mI (31) boot: ESP-IDF v5.4-dev-3602-ga97a7b0962 2nd stage bootloader[0m
[0;32mI (31) boot: compile time Oct 19 2024 02:41:52[0m
[0;32mI (31) boot: Multicore bootloader[0m
[0;32mI (34) boot: chip revision: v1.1[0m
[0;32mI (37) qio_mode: Enabling default flash chip QIO[0m
[0;32mI (41) boot.esp32: SPI Speed      : 80MHz[0m
[0;32mI (45) boot.esp32: SPI Mode       : QIO[0m
[0;32mI (48) boot.esp32: SPI Flash Size : 4MB[0m
[0;32mI (52) boot: Enabling RNG early entropy source...[0m
[0;32mI (56) boot: Partition Table:[0m
[0;32mI (59) boot: ## Label            Usage          Type ST Offset   Length[0m
[0;32mI (65) boot:  0 nvs              WiFi data        01 02 00009000 00006000[0m
[0;32mI (72) boot:  1 phy_init         RF data          01 01 0000f000 00001000[0m
[0;32mI (78) boot:  2 factory          factory app      00 00 00010000 00180000[0m
[0;32mI (85) boot: End of partition table[0m
[0;32mI (88) esp_image: segment 0: paddr=00010020 vaddr=3f400020 size=32c1ch (207900) map[0m
[0;32mI (149) esp_image: segment 1: paddr=00042c44 vaddr=3ff80000 size=00018h (    24) load[0m
[0;32mI (149) esp_image: segment 2: paddr=00042c64 vaddr=3ffb0000 size=0346ch ( 13420) load[0m
[0;32mI (157) esp_image: segment 3: paddr=000460d8 vaddr=40080000 size=09f40h ( 40768) load[0m
[0;32mI (173) esp_image: segment 4: paddr=00050020 vaddr=400d0020 size=32d0ch (208140) map[0m
[0;32mI (226) esp_image: segment 5: paddr=00082d34 vaddr=40089f40 size=05970h ( 22896) load[0m
[0;32mI (241) boot: Loaded app from partition at offset 0x10000[0m
[0;32mI (241) boot: Disabling RNG early entropy source...[0m
[0;32mI (251) quad_psram: This chip is ESP32-D0WD[0m
[0;32mI (251) esp_psram: Found 8MB PSRAM device[0m
[0;32mI (251) esp_psram: Speed: 80MHz[0m
[0;32mI (251) esp_psram: PSRAM initialized, cache is in low/high (2-core) mode.[0m
[0;33mW (259) esp_psram: Virtual address not enough for PSRAM, map as much as we can. 4MB is mapped[0m
[0;32mI (267) cpu_start: Multicore app[0m
[0;32mI (733) esp_psram: SPI SRAM memory test OK[0m
[0;32mI (741) cpu_start: Pro cpu start user code[0m
[0;32mI (741) cpu_start: cpu freq: 240000000 Hz[0m
[0;32mI (741) app_init: Application information:[0m
[0;32mI (741) app_init: Project name:     person_detection[0m
[0;32mI (746) app_init: App version:      ba8e4b1-dirty[0m
[0;32mI (750) app_init: Compile time:     Oct 19 2024 02:41:39[0m
[0;32mI (755) app_init: ELF file SHA256:  1d5e234b4...[0m
[0;32mI (760) app_init: ESP-IDF:          v5.4-dev-3602-ga97a7b0962[0m
[0;32mI (765) efuse_init: Min chip rev:     v0.0[0m
[0;32mI (769) efuse_init: Max chip rev:     v3.99 [0m
[0;32mI (773) efuse_init: Chip rev:         v1.1[0m
[0;32mI (777) heap_init: Initializing. RAM available for dynamic allocation:[0m
[0;32mI (783) heap_init: At 3FFAE6E0 len 00001920 (6 KiB): DRAM[0m
[0;32mI (788) heap_init: At 3FFB4928 len 0002B6D8 (173 KiB): DRAM[0m
[0;32mI (793) heap_init: At 3FFE0440 len 00003AE0 (14 KiB): D/IRAM[0m
[0;32mI (799) heap_init: At 3FFE4350 len 0001BCB0 (111 KiB): D/IRAM[0m
[0;32mI (804) heap_init: At 4008F8B0 len 00010750 (65 KiB): IRAM[0m
[0;32mI (810) esp_psram: Adding pool of 4096K of PSRAM memory to heap allocator[0m
[0;32mI (816) spi_flash: detected chip: generic[0m
[0;32mI (820) spi_flash: flash io: qio[0m
[0;32mI (823) main_task: Started on CPU0[0m
[0;32mI (833) main_task: Calling app_main()[0m
Didn't find op for builtin opcode 'MAX_POOL_2D'
Failed to get registration from op code MAX_POOL_2D
 
AllocateTensors() failed
Guru Meditation Error: Core  0 panic'ed (LoadProhibited). Exception was unhandled.

Core  0 register dump:
PC      : 0x400d8707  PS      : 0x00060630  A0      : 0x800d8155  A1      : 0x3ffb7840  
A2      : 0x00000000  A3      : 0x00000008  A4      : 0x3ffb3bd0  A5      : 0x3ffb3dc4  
A6      : 0x3ffb3dd0  A7      : 0x3ffb3dcc  A8      : 0x00000000  A9      : 0x3ffb77b0  
A10     : 0x00000060  A11     : 0x00000060  A12     : 0x00000001  A13     : 0x3ffb3c40  
A14     : 0x3ffb3c40  A15     : 0x3ffb3bd0  SAR     : 0x00000012  EXCCAUSE: 0x0000001c  
EXCVADDR: 0x00000010  LBEG    : 0x40086e21  LEND    : 0x40086e31  LCOUNT  : 0xfffffffc  


Backtrace: 0x400d8704:0x3ffb7840 0x400d8152:0x3ffb7860




ELF file SHA256: 1d5e234b4

Rebooting...
ets Jun  8 2016 00:22:57

rst:0xc (SW_CPU_RESET),boot:0x13 (SPI_FAST_FLASH_BOOT)
configsip: 0, SPIWP:0xee
clk_drv:0x00,q_drv:0x00,d_drv:0x00,cs0_drv:0x00,hd_drv:0x00,wp_drv:0x00
mode:DIO, clock div:1
load:0x3fff0030,len:6592
load:0x40078000,len:16676
ho 0 tail 12 room 4
load:0x40080400,len:4
load:0x40080404,len:4268
entry 0x40080658
[0;32mI (31) boot: ESP-IDF v5.4-dev-3602-ga97a7b0962 2nd stage bootloader[0m
[0;32mI (31) boot: compile time Oct 19 2024 02:41:52[0m
[0;32mI (31) boot: Multicore bootloader[0m
[0;32mI (34) boot: chip revision: v1.1[0m
[0;32mI (37) qio_mode: Enabling default flash chip QIO[0m
[0;32mI (41) boot.esp32: SPI Speed      : 80MHz[0m
[0;32mI (45) boot.esp32: SPI Mode       : QIO[0m
[0;32mI (48) boot.esp32: SPI Flash Size : 4MB[0m
[0;32mI (52) boot: Enabling RNG early entropy source...[0m
[0;32mI (56) boot: Partition Table:[0m
[0;32mI (59) boot: ## Label            Usage          Type ST Offset   Length[0m
[0;32mI (65) boot:  0 nvs              WiFi data        01 02 00009000 00006000[0m
[0;32mI (72) boot:  1 phy_init         RF data          01 01 0000f000 00001000[0m
[0;32mI (78) boot:  2 factory          factory app      00 00 00010000 00180000[0m
[0;32mI (85) boot: End of partition table[0m
[0;32mI (88) esp_image: segment 0: paddr=00010020 vaddr=3f400020 size=32c1ch (207900) map[0m
[0;32mI (149) esp_image: segment 1: paddr=00042c44 vaddr=3ff80000 size=00018h (    24) load[0m
[0;32mI (149) esp_image: segment 2: paddr=00042c64 vaddr=3ffb0000 size=0346ch ( 13420) load[0m
[0;32mI (157) esp_image: segment 3: paddr=000460d8 vaddr=40080000 size=09f40h ( 40768) load[0m
[0;32mI (173) esp_image: segment 4: paddr=00050020 vaddr=400d0020 size=32d0ch (208140) map[0m
[0;32mI (226) esp_image: segment 5: paddr=00082d34 vaddr=40089f40 size=05970h ( 22896) load[0m
[0;32mI (241) boot: Loaded app from partition at offset 0x10000[0m
[0;32mI (241) boot: Disabling RNG early entropy source...[0m
[0;32mI (251) quad_psram: This chip is ESP32-D0WD[0m
[0;32mI (251) esp_psram: Found 8MB PSRAM device[0m
[0;32mI (251) esp_psram: Speed: 80MHz[0m
[0;32mI (251) esp_psram: PSRAM initialized, cache is in low/high (2-core) mode.[0m
[0;33mW (259) esp_psram: Virtual address not enough for PSRAM, map as much as we can. 4MB is mapped[0m
[0;32mI (267) cpu_start: Multicore app[0m
[0;32mI (733) esp_psram: SPI SRAM memory test OK[0m
[0;32mI (741) cpu_start: Pro cpu start user code[0m
[0;32mI (741) cpu_start: cpu freq: 240000000 Hz[0m
[0;32mI (741) app_init: Application information:[0m
[0;32mI (741) app_init: Project name:     person_detection[0m
[0;32mI (746) app_init: App version:      ba8e4b1-dirty[0m
[0;32mI (750) app_init: Compile time:     Oct 19 2024 02:41:39[0m
[0;32mI (755) app_init: ELF file SHA256:  1d5e234b4...[0m
[0;32mI (760) app_init: ESP-IDF:          v5.4-dev-3602-ga97a7b0962[0m
[0;32mI (765) efuse_init: Min chip rev:     v0.0[0m
[0;32mI (769) efuse_init: Max chip rev:     v3.99 [0m
[0;32mI (773) efuse_init: Chip rev:         v1.1[0m
[0;32mI (777) heap_init: Initializing. RAM available for dynamic allocation:[0m
[0;32mI (783) heap_init: At 3FFAE6E0 len 00001920 (6 KiB): DRAM[0m
[0;32mI (788) heap_init: At 3FFB4928 len 0002B6D8 (173 KiB): DRAM[0m
[0;32mI (793) heap_init: At 3FFE0440 len 00003AE0 (14 KiB): D/IRAM[0m
[0;32mI (799) heap_init: At 3FFE4350 len 0001BCB0 (111 KiB): D/IRAM[0m
[0;32mI (804) heap_init: At 4008F8B0 len 00010750 (65 KiB): IRAM[0m
[0;32mI (810) esp_psram: Adding pool of 4096K of PSRAM memory to heap allocator[0m
[0;32mI (816) spi_flash: detected chip: generic[0m
[0;32mI (820) spi_flash: flash io: qio[0m
[0;32mI (823) main_task: Started on CPU0[0m
[0;32mI (833) main_task: Calling app_main()[0m
Didn't find op for builtin opcode 'MAX_POOL_2D'
Failed to get registration from op code MAX_POOL_2D
 
AllocateTensors() failed
Guru Meditation Error: Core  0 panic'ed (LoadProhibited). Exception was unhandled.

Core  0 register dump:
PC      : 0x400d8707  PS      : 0x00060630  A0      : 0x800d8155  A1      : 0x3ffb7840  
A2      : 0x00000000  A3      : 0x00000008  A4      : 0x3ffb3bd0  A5      : 0x3ffb3dc4  
A6      : 0x3ffb3dd0  A7      : 0x3ffb3dcc  A8      : 0x00000000  A9      : 0x3ffb77b0  
A10     : 0x00000060  A11     : 0x00000060  A12     : 0x00000001  A13     : 0x3ffb3c40  
A14     : 0x3ffb3c40  A15     : 0x3ffb3bd0  SAR     : 0x00000012  EXCCAUSE: 0x0000001c  
EXCVADDR: 0x00000010  LBEG    : 0x40086e21  LEND    : 0x40086e31  LCOUNT  : 0xfffffffc  


Backtrace: 0x400d8704:0x3ffb7840 0x400d8152:0x3ffb7860




ELF file SHA256: 1d5e234b4

Rebooting...
ets Jun  8 2016 00:22:57

rst:0xc (SW_CPU_RESET),boot:0x13 (SPI_FAST_FLASH_BOOT)
configsip: 0, SPIWP:0xee
clk_drv:0x00,q_drv:0x00,d_drv:0x00,cs0_drv:0x00,hd_drv:0x00,wp_drv:0x00
mode:DIO, clock div:1
load:0x3fff0030,len:6592
load:0x40078000,len:16676
ho 0 tail 12 room 4
load:0x40080400,len:4
load:0x40080404,len:4268
entry 0x40080658
[0;32mI (31) boot: ESP-IDF v5.4-dev-3602-ga97a7b0962 2nd stage bootloader[0m
[0;32mI (31) boot: compile time Oct 19 2024 02:41:52[0m
[0;32mI (31) boot: Multicore bootloader[0m
[0;32mI (34) boot: chip revision: v1.1[0m
[0;32mI (37) qio_mode: Enabling default flash chip QIO[0m
[0;32mI (41) boot.esp32: SPI Speed      : 80MHz[0m
[0;32mI (45) boot.esp32: SPI Mode       : QIO[0m
[0;32mI (48) boot.esp32: SPI Flash Size : 4MB[0m
[0;32mI (52) boot: Enabling RNG early entropy source...[0m
[0;32mI (56) boot: Partition Table:[0m
[0;32mI (59) boot: ## Label            Usage          Type ST Offset   Length[0m
[0;32mI (65) boot:  0 nvs              WiFi data        01 02 00009000 00006000[0m
[0;32mI (72) boot:  1 phy_init         RF data          01 01 0000f000 00001000[0m
[0;32mI (78) boot:  2 factory          factory app      00 00 00010000 00180000[0m
[0;32mI (85) boot: End of partition table[0m
[0;32mI (88) esp_image: segment 0: paddr=00010020 vaddr=3f400020 size=32c1ch (207900) map[0m
[0;32mI (149) esp_image: segment 1: paddr=00042c44 vaddr=3ff80000 size=00018h (    24) load[0m
[0;32mI (149) esp_image: segment 2: paddr=00042c64 vaddr=3ffb0000 size=0346ch ( 13420) load[0m
[0;32mI (157) esp_image: segment 3: paddr=000460d8 vaddr=40080000 size=09f40h ( 40768) load[0m
[0;32mI (173) esp_image: segment 4: paddr=00050020 vaddr=400d0020 size=32d0ch (208140) map[0m
[0;32mI (226) esp_image: segment 5: paddr=00082d34 vaddr=40089f40 size=05970h ( 22896) load[0m
[0;32mI (241) boot: Loaded app from partition at offset 0x10000[0m
[0;32mI (241) boot: Disabling RNG early entropy source...[0m
[0;32mI (251) quad_psram: This chip is ESP32-D0WD[0m
[0;32mI (251) esp_psram: Found 8MB PSRAM device[0m
[0;32mI (251) esp_psram: Speed: 80MHz[0m
[0;32mI (251) esp_psram: PSRAM initialized, cache is in low/high (2-core) mode.[0m
[0;33mW (259) esp_psram: Virtual address not enough for PSRAM, map as much as we can. 4MB is mapped[0m
[0;32mI (267) cpu_start: Multicore app[0m
[0;32mI (733) esp_psram: SPI SRAM memory test OK[0m
[0;32mI (741) cpu_start: Pro cpu start user code[0m
[0;32mI (741) cpu_start: cpu freq: 240000000 Hz[0m
[0;32mI (741) app_init: Application information:[0m
[0;32mI (741) app_init: Project name:     person_detection[0m
[0;32mI (746) app_init: App version:      ba8e4b1-dirty[0m
[0;32mI (750) app_init: Compile time:     Oct 19 2024 02:41:39[0m
[0;32mI (755) app_init: ELF file SHA256:  1d5e234b4...[0m
[0;32mI (760) app_init: ESP-IDF:          v5.4-dev-3602-ga97a7b0962[0m
[0;32mI (765) efuse_init: Min chip rev:     v0.0[0m
[0;32mI (769) efuse_init: Max chip rev:     v3.99 [0m
[0;32mI (773) efuse_init: Chip rev:         v1.1[0m
[0;32mI (777) heap_init: Initializing. RAM available for dynamic allocation:[0m
[0;32mI (783) heap_init: At 3FFAE6E0 len 00001920 (6 KiB): DRAM[0m
[0;32mI (788) heap_init: At 3FFB4928 len 0002B6D8 (173 KiB): DRAM[0m
[0;32mI (793) heap_init: At 3FFE0440 len 00003AE0 (14 KiB): D/IRAM[0m
[0;32mI (799) heap_init: At 3FFE4350 len 0001BCB0 (111 KiB): D/IRAM[0m
[0;32mI (804) heap_init: At 4008F8B0 len 00010750 (65 KiB): IRAM[0m
[0;32mI (810) esp_psram: Adding pool of 4096K of PSRAM memory to heap allocator[0m
[0;32mI (816) spi_flash: detected chip: generic[0m
[0;32mI (820) spi_flash: flash io: qio[0m
[0;32mI (823) main_task: Started on CPU0[0m
[0;32mI (833) main_task: Calling app_main()[0m
Didn't find op for builtin opcode 'MAX_POOL_2D'
Failed to get registration from op code MAX_POOL_2D
 
AllocateTensors() failed
Guru Meditation Error: Core  0 panic'ed (LoadProhibited). Exception was unhandled.

Core  0 register dump:
PC      : 0x400d8707  PS      : 0x00060630  A0      : 0x800d8155  A1      : 0x3ffb7840  
A2      : 0x00000000  A3      : 0x00000008  A4      : 0x3ffb3bd0  A5      : 0x3ffb3dc4  
A6      : 0x3ffb3dd0  A7      : 0x3ffb3dcc  A8      : 0x00000000  A9      : 0x3ffb77b0  
A10     : 0x00000060  A11     : 0x00000060  A12     : 0x00000001  A13     : 0x3ffb3c40  
A14     : 0x3ffb3c40  A15     : 0x3ffb3bd0  SAR     : 0x00000012  EXCCAUSE: 0x0000001c  
EXCVADDR: 0x00000010  LBEG    : 0x40086e21  LEND    : 0x40086e31  LCOUNT  : 0xfffffffc  


Backtrace: 0x400d8704:0x3ffb7840 0x400d8152:0x3ffb7860




ELF file SHA256: 1d5e234b4

Rebooting...
ets Jun  8 2016 00:22:57

rst:0xc (SW_CPU_RESET),boot:0x13 (SPI_FAST_FLASH_BOOT)
configsip: 0, SPIWP:0xee
clk_drv:0x00,q_drv:0x00,d_drv:0x00,cs0_drv:0x00,hd_drv:0x00,wp_drv:0x00
mode:DIO, clock div:1
load:0x3fff0030,len:6592
load:0x40078000,len:16676
ho 0 tail 12 room 4
load:0x40080400,len:4
load:0x40080404,len:4268
entry 0x40080658
[0;32mI (31) boot: ESP-IDF v5.4-dev-3602-ga97a7b0962 2nd stage bootloader[0m
[0;32mI (31) boot: compile time Oct 19 2024 02:41:52[0m
[0;32mI (31) boot: Multicore bootloader[0m
[0;32mI (34) boot: chip revision: v1.1[0m
[0;32mI (37) qio_mode: Enabling default flash chip QIO[0m
[0;32mI (41) boot.esp32: SPI Speed      : 80MHz[0m
[0;32mI (45) boot.esp32: SPI Mode       : QIO[0m
[0;32mI (48) boot.esp32: SPI Flash Size : 4MB[0m
[0;32mI (52) boot: Enabling RNG early entropy source...[0m
[0;32mI (56) boot: Partition Table:[0m
[0;32mI (59) boot: ## Label            Usage          Type ST Offset   Length[0m
[0;32mI (65) boot:  0 nvs              WiFi data        01 02 00009000 00006000[0m
[0;32mI (72) boot:  1 phy_init         RF data          01 01 0000f000 00001000[0m
[0;32mI (78) boot:  2 factory          factory app      00 00 00010000 00180000[0m
[0;32mI (85) boot: End of partition table[0m
[0;32mI (88) esp_image: segment 0: paddr=00010020 vaddr=3f400020 size=32c1ch (207900) map[0m
[0;32mI (149) esp_image: segment 1: paddr=00042c44 vaddr=3ff80000 size=00018h (    24) load[0m
[0;32mI (149) esp_image: segment 2: paddr=00042c64 vaddr=3ffb0000 size=0346ch ( 13420) load[0m
[0;32mI (157) esp_image: segment 3: paddr=000460d8 vaddr=40080000 size=09f40h ( 40768) load[0m
[0;32mI (173) esp_image: segment 4: paddr=00050020 vaddr=400d0020 size=32d0ch (208140) map[0m
[0;32mI (226) esp_image: segment 5: paddr=00082d34 vaddr=40089f40 size=05970h ( 22896) load[0m
[0;32mI (241) boot: Loaded app from partition at offset 0x10000[0m
[0;32mI (241) boot: Disabling RNG early entropy source...[0m
[0;32mI (251) quad_psram: This chip is ESP32-D0WD[0m
[0;32mI (251) esp_psram: Found 8MB PSRAM device[0m
[0;32mI (251) esp_psram: Speed: 80MHz[0m
[0;32mI (251) esp_psram: PSRAM initialized, cache is in low/high (2-core) mode.[0m
[0;33mW (259) esp_psram: Virtual address not enough for PSRAM, map as much as we can. 4MB is mapped[0m
[0;32mI (267) cpu_start: Multicore app[0m
[0;32mI (733) esp_psram: SPI SRAM memory test OK[0m
[0;32mI (741) cpu_start: Pro cpu start user code[0m
[0;32mI (741) cpu_start: cpu freq: 240000000 Hz[0m
[0;32mI (741) app_init: Application information:[0m
[0;32mI (741) app_init: Project name:     person_detection[0m
[0;32mI (746) app_init: App version:      ba8e4b1-dirty[0m
[0;32mI (750) app_init: Compile time:     Oct 19 2024 02:41:39[0m
[0;32mI (755) app_init: ELF file SHA256:  1d5e234b4...[0m
[0;32mI (760) app_init: ESP-IDF:          v5.4-dev-3602-ga97a7b0962[0m
[0;32mI (765) efuse_init: Min chip rev:     v0.0[0m
[0;32mI (769) efuse_init: Max chip rev:     v3.99 [0m
[0;32mI (773) efuse_init: Chip rev:         v1.1[0m
[0;32mI (777) heap_init: Initializing. RAM available for dynamic allocation:[0m
[0;32mI (783) heap_init: At 3FFAE6E0 len 00001920 (6 KiB): DRAM[0m
[0;32mI (788) heap_init: At 3FFB4928 len 0002B6D8 (173 KiB): DRAM[0m
[0;32mI (793) heap_init: At 3FFE0440 len 00003AE0 (14 KiB): D/IRAM[0m
[0;32mI (799) heap_init: At 3FFE4350 len 0001BCB0 (111 KiB): D/IRAM[0m
[0;32mI (804) heap_init: At 4008F8B0 len 00010750 (65 KiB): IRAM[0m
[0;32mI (810) esp_psram: Adding pool of 4096K of PSRAM memory to heap allocator[0m
[0;32mI (816) spi_flash: detected chip: generic[0m
[0;32mI (820) spi_flash: flash io: qio[0m
[0;32mI (823) main_task: Started on CPU0[0m
[0;32mI (833) main_task: Calling app_main()[0m
Didn't find op for builtin opcode 'MAX_POOL_2D'
Failed to get registration from op code MAX_POOL_2D
 
AllocateTensors() failed
Guru Meditation Error: Core  0 panic'ed (LoadProhibited). Exception was unhandled.

Core  0 register dump:
PC      : 0x400d8707  PS      : 0x00060630  A0      : 0x800d8155  A1      : 0x3ffb7840  
A2      : 0x00000000  A3      : 0x00000008  A4      : 0x3ffb3bd0  A5      : 0x3ffb3dc4  
A6      : 0x3ffb3dd0  A7      : 0x3ffb3dcc  A8      : 0x00000000  A9      : 0x3ffb77b0  
A10     : 0x00000060  A11     : 0x00000060  A12     : 0x00000001  A13     : 0x3ffb3c40  
A14     : 0x3ffb3c40  A15     : 0x3ffb3bd0  SAR     : 0x00000012  EXCCAUSE: 0x0000001c  
EXCVADDR: 0x00000010  LBEG    : 0x40086e21  LEND    : 0x40086e31  LCOUNT  : 0xfffffffc  


Backtrace: 0x400d8704:0x3ffb7840 0x400d8152:0x3ffb7860




ELF file SHA256: 1d5e234b4

Rebooting...
ets Jun  8 2016 00:22:57

rst:0xc (SW_CPU_RESET),boot:0x13 (SPI_FAST_FLASH_BOOT)
configsip: 0, SPIWP:0xee
clk_drv:0x00,q_drv:0x00,d_drv:0x00,cs0_drv:0x00,hd_drv:0x00,wp_drv:0x00
mode:DIO, clock div:1
load:0x3fff0030,len:6592
load:0x40078000,len:16676
ho 0 tail 12 room 4
load:0x40080400,len:4
load:0x40080404,len:4268
entry 0x40080658
[0;32mI (31) boot: ESP-IDF v5.4-dev-3602-ga97a7b0962 2nd stage bootloader[0m
[0;32mI (31) boot: compile time Oct 19 2024 02:41:52[0m
[0;32mI (31) boot: Multicore bootloader[0m
[0;32mI (34) boot: chip revision: v1.1[0m
[0;32mI (37) qio_mode: Enabling default flash chip QIO[0m
[0;32mI (41) boot.esp32: SPI Speed      : 80MHz[0m
[0;32mI (45) boot.esp32: SPI Mode       : QIO[0m
[0;32mI (48) boot.esp32: SPI Flash Size : 4MB[0m
[0;32mI (52) boot: Enabling RNG early entropy source...[0m
[0;32mI (56) boot: Partition Table:[0m
[0;32mI (59) boot: ## Label            Usage          Type ST Offset   Length[0m
[0;32mI (65) boot:  0 nvs              WiFi data        01 02 00009000 00006000[0m
[0;32mI (72) boot:  1 phy_init         RF data          01 01 0000f000 00001000[0m
[0;32mI (78) boot:  2 factory          factory app      00 00 00010000 00180000[0m
[0;32mI (85) boot: End of partition table[0m
[0;32mI (88) esp_image: segment 0: paddr=00010020 vaddr=3f400020 size=32c1ch (207900) map[0m
[0;32mI (149) esp_image: segment 1: paddr=00042c44 vaddr=3ff80000 size=00018h (    24) load[0m
[0;32mI (149) esp_image: segment 2: paddr=00042c64 vaddr=3ffb0000 size=0346ch ( 13420) load[0m
[0;32mI (157) esp_image: segment 3: paddr=000460d8 vaddr=40080000 size=09f40h ( 40768) load[0m
[0;32mI (173) esp_image: segment 4: paddr=00050020 vaddr=400d0020 size=32d0ch (208140) map[0m
[0;32mI (226) esp_image: segment 5: paddr=00082d34 vaddr=40089f40 size=05970h ( 22896) load[0m
[0;32mI (241) boot: Loaded app from partition at offset 0x10000[0m
[0;32mI (241) boot: Disabling RNG early entropy source...[0m
[0;32mI (251) quad_psram: This chip is ESP32-D0WD[0m
[0;32mI (251) esp_psram: Found 8MB PSRAM device[0m
[0;32mI (251) esp_psram: Speed: 80MHz[0m
[0;32mI (251) esp_psram: PSRAM initialized, cache is in low/high (2-core) mode.[0m
[0;33mW (259) esp_psram: Virtual address not enough for PSRAM, map as much as we can. 4MB is mapped[0m
[0;32mI (267) cpu_start: Multicore app[0m
[0;32mI (733) esp_psram: SPI SRAM memory test OK[0m
[0;32mI (741) cpu_start: Pro cpu start user code[0m
[0;32mI (741) cpu_start: cpu freq: 240000000 Hz[0m
[0;32mI (741) app_init: Application information:[0m
[0;32mI (741) app_init: Project name:     person_detection[0m
[0;32mI (746) app_init: App version:      ba8e4b1-dirty[0m
[0;32mI (750) app_init: Compile time:     Oct 19 2024 02:41:39[0m
[0;32mI (755) app_init: ELF file SHA256:  1d5e234b4...[0m
[0;32mI (760) app_init: ESP-IDF:          v5.4-dev-3602-ga97a7b0962[0m
[0;32mI (765) efuse_init: Min chip rev:     v0.0[0m
[0;32mI (769) efuse_init: Max chip rev:     v3.99 [0m
[0;32mI (773) efuse_init: Chip rev:         v1.1[0m
[0;32mI (777) heap_init: Initializing. RAM available for dynamic allocation:[0m
[0;32mI (783) heap_init: At 3FFAE6E0 len 00001920 (6 KiB): DRAM[0m
[0;32mI (788) heap_init: At 3FFB4928 len 0002B6D8 (173 KiB): DRAM[0m
[0;32mI (793) heap_init: At 3FFE0440 len 00003AE0 (14 KiB): D/IRAM[0m
[0;32mI (799) heap_init: At 3FFE4350 len 0001BCB0 (111 KiB): D/IRAM[0m
[0;32mI (804) heap_init: At 4008F8B0 len 000AM[0m
[0;32mI (810) esp_psram: Adding pool of 4096K of PSRAM memory to heap allocator[0m
[0;32mI (816) spi_flash: detected chip: generic[0m
[0;32mI (820) spi_flash: flash io: qio[0m
[0;32mI (823) main_task: Started on CPU0[0m
[0;32mI (833) main_task: Calling app_main()[0m
Didn't find op for builtin opcode 'MAX_POOL_2D'
Failed to get registration from op code MAX_POOL_2D
 
AllocateTensors() failed
Guru Meditation Error: Core  0 panic'ed (LoadProhibited). Exception was unhandled.

Core  0 register dump:
PC      : 0x400d8707  PS      : 0x00060630  A0      : 0x800d8155  A1      : 0x3ffb7840  
A2      : 0x00000000  A3      : 0x00000008  A4      : 0x3ffb3bd0  A5      : 0x3ffb3dc4  
A6      : 0x3ffb3dd0  A7      : 0x3ffb3dcc  A8      : 0x00000000  A9      : 0x3ffb77b0  
A10     : 0x00000060  A11     : 0x00000060  A12     : 0x00000001  A13     : 0x3ffb3c40  
A14     : 0x3ffb3c40  A15     : 0x3ffb3bd0  SAR     : 0x00000012  EXCCAUSE: 0x0000001c  
EXCVADDR: 0x00000010  LBEG    : 0x40086e21  LEND    : 0x40086e31  LCOUNT  : 0xfffffffc  


Backtrace: 0x400d8704:0x3ffb7840 0x400d8152:0x3ffb7860




ELF file SHA256: 1d5e234b4

Rebooting...
ets Jun  8 2016 00:22:57

rst:0xc (SW_CPU_RESET),boot:0x13 (SPI_FAST_FLASH_BOOT)
configsip: 0, SPIWP:0xee
clk_drv:0x00,q_drv:0x00,d_drv:0x00,cs0_drv:0x00,hd_drv:0x00,wp_drv:0x00
mode:DIO, clock div:1
load:0x3fff0030,len:6592
load:0x40078000,len:16676
ho 0 tail 12 room 4
load:0x40080400,len:4
load:0x40080404,len:4268
entry 0x40080658
[0;32mI (31) boot: ESP-IDF v5.4-dev-3602-ga97a7b0962 2nd stage bootloader[0m
[0;32mI (31) boot: compile time Oct 19 2024 02:41:52[0m
[0;32mI (31) boot: Multicore bootloader[0m
[0;32mI (34) boot: chip revision: v1.1[0m
[0;32mI (37) qio_mode: Enabling default flash chip QIO[0m
[0;32mI (41) boot.esp32: SPI Speed      : 80MHz[0m
[0;32mI (45) boot.esp32: SPI Mode       : QIO[0m
[0;32mI (48) boot.esp32: SPI Flash Size : 4MB[0m
[0;32mI (52) boot: Enabling RNG early entropy source...[0m
[0;32mI (56) boot: Partition Table:[0m
[0;32mI (59) boot: ## Label            Usage          Type ST Offset   Length[0m
[0;32mI (65) boot:  0 nvs              WiFi data        01 02 00009000 00006000[0m
[0;32mI (72) boot:  1 phy_init         RF data          01 01 0000f000 00001000[0m
[0;32mI (78) boot:  2 factory          factory app      00 00 00010000 00180000[0m
[0;32mI (85) boot: End of partition table[0m
[0;32mI (88) esp_image: segment 0: paddr=00010020 vaddr=3f400020 size=32c1ch (207900) map[0m
[0;32mI (149) esp_image: segment 1: paddr=00042c44 vaddr=3ff80000 size=00018h (    24) load[0m
[0;32mI (149) esp_image: segment 2: paddr=00042c64 vaddr=3ffb0000 size=0346ch ( 13420) load[0m
[0;32mI (157) esp_image: segment 3: paddr=000460d8 vaddr=40080000 size=09f40h ( 40768) load[0m
[0;32mI (173) esp_image: segment 4: paddr=00050020 vaddr=400d0020 size=32d0ch (208140) map[0m
[0;32mI (226) esp_image: segment 5: paddr=00082d34 vaddr=40089f40 size=05970h ( 22896) load[0m
[0;32mI (241) boot: Loaded app from partition at offset 0x10000[0m
[0;32mI (241) boot: Disabling RNG early entropy source...[0m
[0;32mI (251) quad_psram: This chip is ESP32-D0WD[0m
[0;32mI (251) esp_psram: Found 8MB PSRAM device[0m
[0;32mI (251) esp_psram: Speed: 80MHz[0m
[0;32mI (251) esp_psram: PSRAM initialized, cache is in low/high (2-core) mode.[0m
[0;33mW (259) esp_psram: Virtual address not enough for PSRAM, map as much as we can. 4MB is mapped[0m
[0;32mI (267) cpu_start: Multicore app[0m
[0;32mI (733) esp_psram: SPI SRAM memory test OK[0m
[0;32mI (741) cpu_start: Pro cpu start user code[0m
[0;32mI (741) cpu_start: cpu freq: 240000000 Hz[0m
[0;32mI (741) app_init: Application information:[0m
[0;32mI (741) app_init: Project name:     person_detection[0m
[0;32mI (746) app_init: App version:      ba8e4b1-dirty[0m
[0;32mI (750) app_init: Compile time:     Oct 19 2024 02:41:39[0m
[0;32mI (755) app_init: ELF file SHA256:  1d5e234b4...[0m
[0;32mI (760) app_init: ESP-IDF:          v5.4-dev-3602-ga97a7b0962[0m
[0;32mI (765) efuse_init: Min chip rev:     v0.0[0m
[0;32mI (769) efuse_init: Max chip rev:     v3.99 [0m
[0;32mI (773) efuse_init: Chip rev:         v1.1[0m
[0;32mI (777) heap_init: Initializing. RAM available for dynamic allocation:[0m
[0;32mI (783) heap_init: At 3FFAE6E0 len 00001920 (6 KiB): DRAM[0m
[0;32mI (788) heap_init: At 3FFB4928 len 0002B6D8 (173 KiB): DRAM[0m
[0;32mI (793) heap_init: At 3FFE0440 len 00003AE0 (14 KiB): D/IRAM[0m
[0;32mI (799) heap_init: At 3FFE4350 len 0001BCB0 (111 KiB): D/IRAM[0m
[0;32mI (804) heap_init: At 4008F8B0 len 00010750 (65 KiB): IRAM[0m
[0;32mI (810) esp_psram: Adding pool of 4096K of PSRAM memory to heap allocator[0m
[0;32mI (816) spi_flash: detected chip: generic[0m
[0;32mI (820) spi_flash: flash io: qio[0m
[0;32mI (823) main_task: Started on CPU0[0m
[0;32mI (833) main_task: Calling app_main()[0m
Didn't find op for builtin opcode 'MAX_POOL_2D'
Failed to get registration from op code MAX_POOL_2D
 
AllocateTensors() failed
Guru Meditation Error: Core  0 panic'ed (LoadProhibited). Exception was unhandled.

Core  0 register dump:
PC      : 0x400d8707  PS      : 0x00060630  A0      : 0x800d8155  A1      : 0x3ffb7840  
A2      : 0x00000000  A3      : 0x00000008  A4      : 0x3ffb3bd0  A5      : 0x3ffb3dc4  
A6      : 0x3ffb3dd0  A7      : 0x3ffb3dcc  A8      : 0x00000000  A9      : 0x3ffb77b0  
A10     : 0x00000060  A11     : 0x00000060  A12     : 0x00000001  A13     : 0x3ffb3c40  
A14     : 0x3ffb3c40  A15     : 0x3ffb3bd0  SAR     : 0x00000012  EXCCAUSE: 0x0000001c  
EXCVADDR: 0x00000010  LBEG    : 0x40086e21  LEND    : 0x40086e31  LCOUNT  : 0xfffffffc  


Backtrace: 0x400d8704:0x3ffb7840 0x400d8152:0x3ffb7860




ELF file SHA256: 1d5e234b4

Rebooting...
ets Jun  8 2016 00:22:57

rst:0xc (SW_CPU_RESET),boot:0x13 (SPI_FAST_FLASH_BOOT)
configsip: 0, SPIWP:0xee
clk_drv:0x00,q_drv:0x00,d_drv:0x00,cs0_drv:0x00,hd_drv:0x00,wp_drv:0x00
mode:DIO, clock div:1
load:0x3fff0030,len:6592
load:0x40078000,len:16676
ho 0 tail 12 room 4
load:0x40080400,len:4
load:0x40080404,len:4268
entry 0x40080658
[0;32mI (31) boot: ESP-IDF v5.4-dev-3602-ga97a7b0962 2nd stage bootloader[0m
[0;32mI (31) boot: compile time Oct 19 2024 02:41:52[0m
[0;32mI (31) boot: Multicore bootloader[0m
[0;32mI (34) boot: chip revision: v1.1[0m
[0;32mI (37) qio_mode: Enabling default flash chip QIO[0m
[0;32mI (41) boot.esp32: SPI Speed      : 80MHz[0m
[0;32mI (45) boot.esp32: SPI Mode       : QIO[0m
[0;32mI (48) boot.esp32: SPI Flash Size : 4MB[0m
[0;32mI (52) boot: Enabling RNG early entropy source...[0m
[0;32mI (56) boot: Partition Table:[0m
[0;32mI (59) boot: ## Label            Usage          Type ST Offset   Length[0m
[0;32mI (65) boot:  0 nvs              WiFi data        01 02 00009000 00006000[0m
[0;32mI (72) boot:  1 phy_init         RF data          01 01 0000f000 00001000[0m
[0;32mI (78) boot:  2 factory          factory app      00 00 00010000 00180000[0m
[0;32mI (85) boot: End of partition table[0m
[0;32mI (88) esp_image: segment 0: paddr=00010020 vaddr=3f400020 size=32c1ch (207900) map[0m
[0;32mI (149) esp_image: segment 1: paddr=00042c44 vaddr=3ff80000 size=00018h (    24) load[0m
[0;32mI (149) esp_image: segment 2: paddr=00042c64 vaddr=3ffb0000 size=0346ch ( 13420) load[0m
[0;32mI (157) esp_image: segment 3: paddr=000460d8 vaddr=40080000 size=09f40h ( 40768) load[0m
[0;32mI (173) esp_image: segment 4: paddr=00050020 vaddr=400d0020 size=32d0ch (208140) map[0m
[0;32mI (226) esp_image: segment 5: paddr=00082d34 vaddr=40089f40 size=05970h ( 22896) load[0m
[0;32mI (241) boot: Loaded app from partition at offset 0x10000[0m
[0;32mI (241) boot: Disabling RNG early entropy source...[0m
[0;32mI (251) quad_psram: This chip is ESP32-D0WD[0m
[0;32mI (251) esp_psram: Found 8MB PSRAM device[0m
[0;32mI (251) esp_psram: Speed: 80MHz[0m
[0;32mI (251) esp_psram: PSRAM initialized, cache is in low/high (2-core) mode.[0m
[0;33mW (259) esp_psram: Virtual address not enough for PSRAM, map as much as we can. 4MB is mapped[0m
[0;32mI (267) cpu_start: Multicore app[0m
[0;32mI (733) esp_psram: SPI SRAM memory test OK[0m
[0;32mI (741) cpu_start: Pro cpu start user code[0m
[0;32mI (741) cpu_start: cpu freq: 240000000 Hz[0m
[0;32mI (741) app_init: Application information:[0m
[0;32mI (741) app_init: Project name:     person_detection[0m
[0;32mI (746) app_init: App version:      ba8e4b1-dirty[0m
[0;32mI (750) app_init: Compile time:     Oct 19 2024 02:41:39[0m
[0;32mI (755) app_init: ELF file SHA256:  1d5e234b4...[0m
[0;32mI (760) app_init: ESP-IDF:          v5.4-dev-3602-ga97a7b0962[0m
[0;32mI (765) efuse_init: Min chip rev:     v0.0[0m
[0;32mI (769) efuse_init: Max chip rev:     v3.99 [0m
[0;32mI (773) efuse_init: Chip rev:         v1.1[0m
[0;32mI (777) heap_init: Initializing. RAM available for dynamic allocation:[0m
[0;32mI (783) heap_init: At 3FFAE6E0 len 00001920 (6 KiB): DRAM[0m
[0;32mI (788) heap_init: At 3FFB4928 len 0002B6D8 (173 KiB): DRAM[0m
[0;32mI (793) heap_init: At 3FFE0440 len 00003AE0 (14 KiB): D/IRAM[0m
[0;32mI (799) heap_init: At 3FFE4350 len 0001BCB0 (111 KiB): D/IRAM[0m
[0;32mI (804) heap_init: At 4008F8B0 len 00010750 (65 KiB): IRAM[0m
[0;32mI (810) esp_psram: Adding pool of 4096K of PSRAM memory to heap allocator[0m
[0;32mI (816) spi_flash: detected chip: generic[0m
[0;32mI (820) spi_flash: flash io: qio[0m
[0;32mI (823) main_task: Started on CPU0[0m
[0;32mI (833) main_task: Calling app_main()[0m
Didn't find op for builtin opcode 'MAX_POOL_2D'
Failed to get registration from op code MAX_POOL_2D
 
AllocateTensors() failed
Guru Meditation Error: Core  0 panic'ed (LoadProhibited). Exception was unhandled.

Core  0 register dump:
PC      : 0x400d8707  PS      : 0x00060630  A0      : 0x800d8155  A1      : 0x3ffb7840  
A2      : 0x00000000  A3      : 0x00000008  A4      : 0x3ffb3bd0  A5      : 0x3ffb3dc4  
A6      : 0x3ffb3dd0  A7      : 0x3ffb3dcc  A8      : 0x00000000  A9      : 0x3ffb77b0  
A10     : 0x00000060  A11     : 0x00000060  A12     : 0x00000001  A13     : 0x3ffb3c40  
A14     : 0x3ffb3c40  A15     : 0x3ffb3bd0  SAR     : 0x00000012  EXCCAUSE: 0x0000001c  
EXCVADDR: 0x00000010  LBEG    : 0x40086e21  LEND    : 0x40086e31  LCOUNT  : 0xfffffffc  


Backtrace: 0x400d8704:0x3ffb7840 0x400d8152:0x3ffb7860




ELF file SHA256: 1d5e234b4

Rebooting...
ets Jun  8 2016 00:22:57

rst:0xc (SWESET),boot:0x13 (SPI_FAST_FLASH_BOOT)
configsip: 0, SPIWP:0xee
clk_drv:0x00,q_drv:0x00,d_drv:0x00,cs0_drv:0x00,hd_drv:0x00,wp_drv:0x00
mode:DIO, clock div:1
load:0x3fff0030,len:6592
load:0x40078000,len:16676
ho 0 tail 12 room 4
load:0x40080400,len:4
load:0x40080404,len:4268
entry 0x40080658
[0;32mI (31) boot: ESP-IDF v5.4-dev-3602-ga97a7b0962 2nd stage bootloader[0m
[0;32mI (31) boot: compile time Oct 19 2024 02:41:52[0m
[0;32mI (31) boot: Multicore bootloader[0m
[0;32mI (34) boot: chip revision: v1.1[0m
[0;32mI (37) qio_mode: Enabling default flash chip QIO[0m
[0;32mI (41) boot.esp32: SPI Speed      : 80MHz[0m
[0;32mI (45) boot.esp32: SPI Mode       : QIO[0m
[0;32mI (48) boot.esp32: SPI Flash Size : 4MB[0m
[0;32mI (52) boot: Enabling RNG early entropy source...[0m
[0;32mI (56) boot: Partition Table:[0m
[0;32mI (59) boot: ## Label            Usage          Type ST Offset   Length[0m
[0;32mI (65) boot:  0 nvs              WiFi data        01 02 00009000 00006000[0m
[0;32mI (72) boot:  1 phy_init         RF data          01 01 0000f000 00001000[0m
[0;32mI (78) boot:  2 factory          factory app      00 00 00010000 00180000[0m
[0;32mI (85) boot: End of partition table[0m
[0;32mI (88) esp_image: segment 0: paddr=00010020 vaddr=3f400020 size=32c1ch (207900) map[0m
[0;32mI (149) esp_image: segment 1: paddr=00042c44 vaddr=3ff80000 size=00018h (    24) load[0m
[0;32mI (149) esp_image: segment 2: paddr=00042c64 vaddr=3ffb0000 size=0346ch ( 13420) load[0m
[0;32mI (157) esp_image: segment 3: paddr=000460d8 vaddr=40080000 size=09f40h ( 40768) load[0m
[0;32mI (173) esp_image: segment 4: paddr=00050020 vaddr=400d0020 size=32d0ch (208140) map[0m
[0;32mI (226) esp_image: segment 5: paddr=00082d34 vaddr=40089f40 size=05970h ( 22896) load[0m
[0;32mI (241) boot: Loaded app from partition at offset 0x10000[0m
[0;32mI (241) boot: Disabling RNG early entropy source...[0m
[0;32mI (251) quad_psram: This chip is ESP32-D0WD[0m
[0;32mI (251) esp_psram: Found 8MB PSRAM device[0m
[0;32mI (251) esp_psram: Speed: 80MHz[0m
[0;32mI (251) esp_psram: PSRAM initialized, cache is in low/high (2-core) mode.[0m
[0;33mW (259) esp_psram: Virtual address not enough for PSRAM, map as much as we can. 4MB is mapped[0m
[0;32mI (267) cpu_start: Multicore app[0m
[0;32mI (733) esp_psram: SPI SRAM memory test OK[0m
[0;32mI (741) cpu_start: Pro cpu start user code[0m
[0;32mI (741) cpu_start: cpu freq: 240000000 Hz[0m
[0;32mI (741) app_init: Application information:[0m
[0;32mI (741) app_init: Project name:     person_detection[0m
[0;32mI (746) app_init: App version:      ba8e4b1-dirty[0m
[0;32mI (750) app_init: Compile time:     Oct 19 2024 02:41:39[0m
[0;32mI (755) app_init: ELF file SHA256:  1d5e234b4...[0m
[0;32mI (760) app_init: ESP-IDF:          v5.4-dev-3602-ga97a7b0962[0m
[0;32mI (765) efuse_init: Min chip rev:     v0.0[0m
[0;32mI (769) efuse_init: Max chip rev:     v3.99 [0m
[0;32mI (773) efuse_init: Chip rev:         v1.1[0m
[0;32mI (777) heap_init: Initializing. RAM available for dynamic allocation:[0m
[0;32mI (783) heap_init: At 3FFAE6E0 len 00001920 (6 KiB): DRAM[0m
[0;32mI (788) heap_init: At 3FFB4928 len 0002B6D8 (173 KiB): DRAM[0m
[0;32mI (793) heap_init: At 3FFE0440 len 00003AE0 (14 KiB): D/IRAM[0m
[0;32mI (799) heap_init: At 3FFE4350 len 0001BCB0 (111 KiB): D/IRAM[0m
[0;32mI (804) heap_init: At 4008F8B0 len 00010750 (65 KiB): IRAM[0m
[0;32mI (810) esp_psram: Adding pool of 4096K of PSRAM memory to heap allocator[0m
[0;32mI (816) spi_flash: detected chip: generic[0m
[0;32mI (820) spi_flash: flash io: qio[0m
[0;32mI (823) main_task: Started on CPU0[0m
[0;32mI (833) main_task: Calling app_main()[0m
Didn't find op for builtin opcode 'MAX_POOL_2D'
Failed to get registration from op code MAX_POOL_2D
 
AllocateTensors() failed
Guru Meditation Error: Core  0 panic'ed (LoadProhibited). Exception was unhandled.

Core  0 register dump:
PC      : 0x400d8707  PS      : 0x00060630  A0      : 0x800d8155  A1      : 0x3ffb7840  
A2      : 0x00000000  A3      : 0x00000008  A4      : 0x3ffb3bd0  A5      : 0x3ffb3dc4  
A6      : 0x3ffb3dd0  A7      : 0x3ffb3dcc  A8      : 0x00000000  A9      : 0x3ffb77b0  
A10     : 0x00000060  A11     : 0x00000060  A12     : 0x00000001  A13     : 0x3ffb3c40  
A14     : 0x3ffb3c40  A15     : 0x3ffb3bd0  SAR     : 0x00000012  EXCCAUSE: 0x0000001c  
EXCVADDR: 0x00000010  LBEG    : 0x40086e21  LEND    : 0x40086e31  LCOUNT  : 0xfffffffc  


Backtrace: 0x400d8704:0x3ffb7840 0x400d8152:0x3ffb7860




ELF file SHA256: 1d5e234b4

Rebooting...
ets Jun  8 2016 00:22:57

rst:0xc (SW_CPU_RESET),boot:0x13 (SPI_FAST_FLASH_BOOT)
configsip: 0, SPIWP:0xee
clk_drv:0x00,q_drv:0x00,d_drv:0x00,cs0_drv:0x00,hd_drv:0x00,wp_drv:0x00
mode:DIO, clock div:1
load:0x3fff0030,len:6592
load:0x40078000,len:16676
ho 0 tail 12 room 4
load:0x40080400,len:4
load:0x40080404,len:4268
entry 0x40080658
[0;32mI (31) boot: ESP-IDF v5.4-dev-3602-ga97a7b0962 2nd stage bootloader[0m
[0;32mI (31) boot: compile time Oct 19 2024 02:41:52[0m
[0;32mI (31) boot: Multicore bootloader[0m
[0;32mI (34) boot: chip revision: v1.1[0m
[0;32mI (37) qio_mode: Enabling default flash chip QIO[0m
[0;32mI (41) boot.esp32: SPI Speed      : 80MHz[0m
[0;32mI (45) boot.esp32: SPI Mode       : QIO[0m
[0;32mI (48) boot.esp32: SPI Flash Size : 4MB[0m
[0;32mI (52) boot: Enabling RNG early entropy source...[0m
[0;32mI (56) boot: Partition Table:[0m
[0;32mI (59) boot: ## Label            Usage          Type ST Offset   Length[0m
[0;32mI (65) boot:  0 nvs              WiFi data        01 02 00009000 00006000[0m
[0;32mI (72) boot:  1 phy_init         RF data          01 01 0000f000 00001000[0m
[0;32mI (78) boot:  2 factory          factory app      00 00 00010000 00180000[0m
[0;32mI (85) boot: End of partition table[0m
[0;32mI (88) esp_image: segment 0: paddr=00010020 vaddr=3f400020 size=32c1ch (207900) map[0m
[0;32mI (149) esp_image: segment 1: paddr=00042c44 vaddr=3ff80000 size=00018h (    24) load[0m
[0;32mI (149) esp_image: segment 2: paddr=00042c64 vaddr=3ffb0000 size=0346ch ( 13420) load[0m
[0;32mI (157) esp_image: segment 3: paddr=000460d8 vaddr=40080000 size=09f40h ( 40768) load[0m
[0;32mI (173) esp_image: segment 4: paddr=00050020 vaddr=400d0020 size=32d0ch (208140) map[0m
[0;32mI (226) esp_image: segment 5: paddr=00082d34 vaddr=40089f40 size=05970h ( 22896) load[0m
[0;32mI (241) boot: Loaded app from partition at offset 0x10000[0m
[0;32mI (241) boot: Disabling RNG early entropy source...[0m
[0;32mI (251) quad_psram: This chip is ESP32-D0WD[0m
[0;32mI (251) esp_psram: Found 8MB PSRAM device[0m
[0;32mI (251) esp_psram: Speed: 80MHz[0m
[0;32mI (251) esp_psram: PSRAM initialized, cache is in low/high (2-core) mode.[0m
[0;33mW (259) esp_psram: Virtual auch as we can. 4MB is mapped[0m
I I (733) esp_psram: SPI SRAM memory test OK
[0;32mI (741) cpu_start: Pro cpu start user code[0m
[0;32mI (741) cpu_start: cpu freq: 240000000 Hz[0m
[0;32mI (741) app_init: Application information:[0m
[0;32mI (741) app_init: Project name:     person_detection[0m
[0;32mI (746) app_init: App version:      ba8e4b1-dirty[0m
[0;32mI (750) app_init: Compile time:     Oct 19 2024 02:41:39[0m
[0;32mI (755) app_init: ELF file SHA256:  1d5e234b4...[0m
[0;32mI (760) app_init: ESP-IDF:          v5.4-dev-3602-ga97a7b0962[0m
[0;32mI (765) efuse_init: Min chip rev:     v0.0[0m
[0;32mI (769) efuse_init: Max chip rev:     v3.99 [0m
[0;32mI (773) efuse_init: Chip rev:         v1.1[0m
[0;32mI (777) heap_init: Initializing. RAM available for dynamic allocation:[0m
[0;32mI (783) heap_init: At 3FFAE6E0 len 00001920 (6 KiB): DRAM[0m
[0;32mI (788) heap_init: At 3FFB4928 len 0002B6D8 (173 KiB): DRAM[0m
[0;32mI (793) heap_init: At 3FFE0440 len 00003AE0 (14 KiB): D/IRAM[0m
[0;32mI (799) heap_init: At 3FFE4350 len 0001BCB0 (111 KiB): D/IRAM[0m
[0;32mI (804) heap_init: At 4008F8B0 len 00010750 (65 KiB): IRAM[0m
[0;32mI (810) esp_psram: Adding pool of 4096K of PSRAM memory to heap allocator[0m
[0;32mI (816) spi_flash: detected chip: generic[0m
[0;32mI (820) spi_flash: flash io: qio[0m
[0;32mI (823) main_task: Started on CPU0[0m
[0;32mI (833) main_task: Calling app_main()[0m
Didn't find op for builtin opcode 'MAX_POOL_2D'
Failed to get registration from op code MAX_POOL_2D
 
AllocateTensors() failed
Guru Meditation Error: Core  0 panic'ed (LoadProhibited). Exception was unhandled.

Core  0 register dump:
PC      : 0x400d8707  PS      : 0x00060630  A0      : 0x800d8155  A1      : 0x3ffb7840  
A2      : 0x00000000  A3      : 0x00000008  A4      : 0x3ffb3bd0  A5      : 0x3ffb3dc4  
A6      : 0x3ffb3dd0  A7      : 0x3ffb3dcc  A8      : 0x00000000  A9      : 0x3ffb77b0  
A10     : 0x00000060  A11     : 0x00000060  A12     : 0x00000001  A13     : 0x3ffb3c40  
A14     : 0x3ffb3c40  A15     : 0x3ffb3bd0  SAR     : 0x00000012  EXCCAUSE: 0x0000001c  
EXCVADDR: 0x00000010  LBEG    : 0x40086e21  LEND    : 0x40086e31  LCOUNT  : 0xfffffffc  


Backtrace: 0x400d8704:0x3ffb7840 0x400d8152:0x3ffb7860




ELF file SHA256: 1d5e234b4

Rebooting...
ets Jun  8 2016 00:22:57

rst:0xc (SW_CPU_RESET),boot:0x13 (SPI_FAST_FLASH_BOOT)
configsip: 0, SPIWP:0xee
clk_drv:0x00,q_drv:0x00,d_drv:0x00,cs0_drv:0x00,hd_drv:0x00,wp_drv:0x00
mode:DIO, clock div:1
load:0x3fff0030,len:6592
load:0x40078000,len:16676
ho 0 tail 12 room 4
load:0x40080400,len:4
load:0x40080404,len:4268
entry 0x40080658
[0;32mI (31) boot: ESP-IDF v5.4-dev-3602-ga97a7b0962 2nd stage bootloader[0m
[0;32mI (31) boot: compile time Oct 19 2024 02:41:52[0m
[0;32mI (31) boot: Multicore bootloader[0m
[0;32mI (34) boot: chip revision: v1.1[0m
[0;32mI (37) qio_mode: Enabling default flash chip QIO[0m
[0;32mI (41) boot.esp32: SPI Speed      : 80MHz[0m
[0;32mI (45) boot.esp32: SPI Mode       : QIO[0m
[0;32mI (48) boot.esp32: SPI Flash Size : 4MB[0m
[0;32mI (52) boot: Enabling RNG early entropy source...[0m
[0;32mI (56) boot: Partition Table:[0m
[0;32mI (59) boot: ## Label            Usage          Type ST Offset   Length[0m
[0;32mI (65) boot:  0 nvs              WiFi data        01 02 00009000 00006000[0m
[0;32mI (72) boot:  1 phy_init         RF data          01 01 0000f000 00001000[0m
[0;32mI (78) boot:  2 factory          factory app      00 00 00010000 00180000[0m
[0;32mI (85) boot: End of partition table[0m
[0;32mI (88) esp_image: segment 0: paddr=00010020 vaddr=3f400020 size=32c1ch (207900) map[0m
[0;32mI (149) esp_image: segment 1: paddr=00042c44 vaddr=3ff80000 size=00018h (    24) load[0m
[0;32mI (149) esp_image: segment 2: paddr=00042c64 vaddr=3ffb0000 size=0346ch ( 13420) load[0m
[0;32mI (157) esp_image: segment 3: paddr=000460d8 vaddr=40080000 size=09f40h ( 40768) load[0m
[0;32mI (173) esp_image: segment 4: paddr=00050020 vaddr=400d0020 size=32d0ch (208140) map[0m
[0;32mI (226) esp_image: segment 5: paddr=00082d34 vaddr=40089f40 size=05970h ( 22896) load[0m
[0;32mI (241) boot: Loaded app from partition at offset 0x10000[0m
[0;32mI (241) boot: Disabling RNG early entropy source...[0m
[0;32mI (251) quad_psram: This chip is ESP32-D0WD[0m
[0;32mI (251) esp_psram: Found 8MB PSRAM device[0m
[0;32mI (251) esp_psram: Speed: 80MHz[0m
[0;32mI (251) esp_psram: PSRAM initialized, cache is in low/high (2-core) mode.[0m
[0;33mW (259) esp_psram: Virtual address not enough for PSRAM, map as much as we can. 4MB is mapped[0m
[0;32mI (267) cpu_start: Multicore app[0m
[0;32mI (733) esp_psram: SPI SRAM memory test OK[0m
[0;32mI (741) cpu_start: Pro cpu start user code[0m
[0;32mI (741) cpu_start: cpu freq: 240000000 Hz[0m
[0;32mI (741) app_init: Application information:[0m
[0;32mI (741) app_init: Project name:     person_detection[0m
[0;32mI (746)      ba8e4b1-dirty[0m
[0;32mI (750) app_init: Compile time:     Oct 19 2024 02:41:39[0m
[0;32mI (755) app_init: ELF file SHA256:  1d5e234b4...[0m
[0;32mI (760) app_init: ESP-IDF:          v5.4-dev-3602-ga97a7b0962[0m
[0;32mI (765) efuse_init: Min chip rev:     v0.0[0m
[0;32mI (769) efuse_init: Max chip rev:     v3.99 [0m
[0;32mI (773) efuse_init: Chip rev:         v1.1[0m
[0;32mI (777) heap_init: Initializing. RAM available for dynamic allocation:[0m
[0;32mI (783) heap_init: At 3FFAE6E0 len 00001920 (6 KiB): DRAM[0m
[0;32mI (788) heap_init: At 3FFB4928 len 0002B6D8 (173 KiB): DRAM[0m
[0;32mI (793) heap_init: At 3FFE0440 len 00003AE0 (14 KiB): D/IRAM[0m
[0;32mI (799) heap_init: At 3FFE4350 len 0001BCB0 (111 KiB): D/IRAM[0m
[0;32mI (804) heap_init: At 4008F8B0 len 00010750 (65 KiB): IRAM[0m
[0;32mI (810) esp_psram: Adding pool of 4096K of PSRAM memory to heap allocator[0m
[0;32mI (816) spi_flash: detected chip: generic[0m
[0;32mI (820) spi_flash: flash io: qio[0m
[0;32mI (823) m833) main_task: Calling app_main()[0m
Didn't find op for builtin opcode 'MAX_POOL_2D'
Failed to get registration from op code MAX_POOL_2D
 
AllocateTensors() failed
Guru Meditation Error: Core  0 panic'ed (LoadProhibited). Exception was unhandled.

Core  0 register dump:
PC      : 0x400d8707  PS      : 0x00060630  A0      : 0x800d8155  A1      : 0x3ffb7840  
A2      : 0x00000000  A3      : 0x00000008  A4      : 0x3ffb3bd0  A5      : 0x3ffb3dc4  
A6      : 0x3ffb3dd0  A7      : 0x3ffb3dcc  A8      : 0x00000000  A9      : 0x3ffb77b0  
A10     : 0x00000060  A11     : 0x00000060  A12     : 0x00000001  A13     : 0x3ffb3c40  
A14     : 0x3ffb3c40  A15     : 0x3ffb3bd0  SAR     : 0x00000012  EXCCAUSE: 0x0000001c  
EXCVADDR: 0x00000010  LBEG    : 0x40086e21  LEND    : 0x40086e31  LCOUNT  : 0xfffffffc  


Backtrace: 0x400d8704:0x3ffb7840 0x400d8152:0x3ffb7860




ELF file SHA256: 1d5e234b4

Rebooting...
ets Jun  8 2016 00:22:57

0xc (SW_CPU_RESET),boot:0x13 (SPI_FAST_FLASH_BOOT)
configsip: 0, SPIWP:0xee
clk_drv:0x00,q_drv:0x00,d_drv:0x00,cs0_drv:0x00,hd_drv:0x00,wp_drv:0x00
mode:DIO, clock div:1
load:0x3fff0030,len:6592
load:0x40078000,len:16676
ho 0 tail 12 room 4
load:0x40080400,len:4
load:0x40080404,len:4268
entry 0x40080658
[0;32mI (31) boot: ESP-IDF v5.4-dev-3602-ga97a7b0962 2nd stage bootloader[0m
[0;32mI (31) boot: compile time Oct 19 2024 02:41:52[0m
[0;32mI (31) boot: Multicore bootloader[0m
[0;32mI (34) boot: chip revision: v1.1[0m
[0;32mI (37) qio_mode: Enabling default flash chip QIO[0m
[0;32mI (41) boot.esp32: SPI Speed      : 80MHz[0m
[0;32mI (45) boot.esp32: SPI Mode       : QIO[0m
[0;32mI (48) boot.esp32: SPI Flash Size : 4MB[0m
[0;32mI (52) boot: Enabling RNG early entropy source...[0m
[0;32mI (56) boot: Partition Table:[0m
[0;32mI (59) boot: ## Label            Usage          Type ST Offset   Length[0m
[0;32mI (65) boot:  0 nvs              WiFi data        01 02 00009000 00006000[0m
[0;32mI (72) boot:  1 phy_init         RF data          01 01 0000f000 00001000[0m
[0;32mI (78) boot:  2 factory          facto180000[0m
[0;32mI (85) boot: End of partition table[0m
[0;32mI (88) esp_image: segment 0: paddr=00010020 vaddr=3f400020 size=32c1ch (207900) map[0m
[0;32mI (149) esp_image: segment 1: paddr=00042c44 vaddr=3ff80000 size=00018h (    24) load[0m
[0;32mI (149) esp_image: segment 2: paddr=00042c64 vaddr=3ffb0000 size=0346ch ( 13420) load[0m
[0;32mI (157) esp_image: segment 3: paddr=000460d8 vaddr=40080000 size=09f40h ( 40768) load[0m
[0;32mI (173) esp_image: segment 4: paddr=00050020 vaddr=400d0020 size=32d0ch (208140) map[0m
[0;32mI (226) esp_image: segment 5: paddr=00082d34 vaddr=40089f40 size=05970h ( 22896) load[0m
[0;32mI (241) boot: Loaded app from partition at offset 0x10000[0m
[0;32mI (241) boot: Disabling RNG early entropy source...[0m
[0;32mI (251) quad_psram: This chip is ESP32-D0WD[0m
[0;32mI (251) esp_psram: Found 8MB PSRAM device[0m
[0;32mI (251) esp_psram: Speed: 80MHz[0m
[0;32mI (251) esp_psram: PSRAM initialized, cache is in low/high (2-core) mode.[0m
[0;33mW (259) esp_psram: Virtual address not enough for PSRAM, map as much as we can. 4MB is mapped[0m
[0;32mI (267) cpu_start: Multicore app[0m
[0;32mI (733) esp_psram: SPI SRAM memory test OK[0m
[0;32mI (741) cpu_start: Pro cpu start user code[0m
[0;32mI (741) cpu_start: cpu freq: 240000000 Hz[0m
[0;32mI (741) app_init: Application information:[0m
[0;32mI (741) app_init: Project name:     person_detection[0m
[0;32mI (746) app_init: App version:      ba8e4b1-dirty[0m
[0;32mI (750) app_init: Compile time:     Oct 19 2024 02:41:39[0m
[0;32mI (755) app_init: ELF file SHA256:  1d5e234b4...[0m
[0;32mI (760) app_init: ESP-IDF:          v5.4-dev-3602-ga97a7b0962[0m
[0;32mI (765) efuse_init: Min chip rev:     v0.0[0m
[0;32mI (769) efuse_init: Max chip rev:     v3.99 [0m
[0;32mI (773) efuse_init: Chip rev:         v1.1[0m
[0;32mI (777) heap_init: Initializing. RAM available for dynamic allocation:[0m
[0;32mI (783) heap_init: At 3FFAE6E0 len 00001920 (6 KiB): DRAM[0m
[0;32mI (788) heap_init: At